// Jest Snapshot v1, https://goo.gl/fbAQLP

exports[`App renders correctly 1`] = `
<DocumentFragment>
  <div
    class="app"
  >
    <img
      alt="NASA Logo"
      class="nasa-logo"
      src="https://cdn.cnn.com/cnnnext/dam/assets/200424060716-nasa-worm-logo.jpg"
    />
    <form
      class="search-form"
    >
      <input
        class="search-box"
        type="text"
      />
      <button
        class="search-btn"
        data-testid="search-btn"
        type="submit"
      >
        Search
      </button>
    </form>
    <p>
      No results.
    </p>
  </div>
</DocumentFragment>
`;
